app/(customer)/checkout.tsx(38,13): error TS2322: Type 'any[]' is not assignable to type 'never[]'.
  Type 'any' is not assignable to type 'never'.
app/(customer)/profile.tsx(14,15): error TS2349: This expression is not callable.
  Type 'never' has no call signatures.
app/(customer)/wallet.tsx(7,13): error TS2339: Property 'balance' does not exist on type '{}'.
app/(customer)/wallet.tsx(7,22): error TS2339: Property 'transactions' does not exist on type '{}'.
app/(merchant)/store.tsx(6,13): error TS2339: Property 'programs' does not exist on type '{}'.
app/(merchant)/store.tsx(6,23): error TS2339: Property 'updateProgram' does not exist on type '{}'.
components/customer-screens/rewards.tsx(12,13): error TS2820: Type '"/customer-screens/offer-details"' is not assignable to type '"/" | RelativePathString | ExternalPathString | "/modal" | "/(customer)/chat" | "/chat" | "/(customer)/stats" | "/stats" | "/_sitemap" | ... 31 more ... | "/store"'. Did you mean '"/(customer)/offer-details"'?
